// Jest Snapshot v1, https://goo.gl/fbAQLP

exports[`utils renderDropdownLabel should match with snapshot 1`] = `
<span
  className="dhd-dropdown__option"
>
  <span
    className="dhd-dropdown__option--label"
  >
    Destination IP
  </span>
  <span
    className="dhd-dropdown__option--value"
  >
    1
  </span>
</span>
`;
