// Jest Snapshot v1, https://goo.gl/fbAQLP

exports[`<PredefinedOptions /> should match with snapshot 1`] = `
<ul
  className="row"
>
  <li
    className="row__element"
    key="1"
  >
    <span
      onClick={[Function]}
    >
      label
    </span>
  </li>
  <div>
    <Button
      className="button--success +small"
      onClick={[Function]}
    >
      <span>
        Apply
      </span>
    </Button>
    <Button
      className="button--dark +small"
      onClick={[Function]}
      style={
        Object {
          "marginLeft": 15,
        }
      }
    >
      <span>
        Cancel
      </span>
    </Button>
  </div>
</ul>
`;
